PASS assets:actual-scene-decodes
PASS item-art:all-known-items-have-records
PASS item-art:package-custom-art
PASS item-art:custom-image-pipeline
PASS item-art:broken-image-fallback
PASS item-art:remote-path-rejected
PASS inspection:weapon-can-target-puzzles
PASS inspection:actual-satchel-examine
PASS puzzle:actual-tap:silver key
PASS puzzle:actual-tap:fairy coin
PASS puzzle:actual-tap:silver token
PASS puzzle:actual-tap:ferry crank
PASS puzzle:actual-tap:sun sigil
node:events:486
      throw er; // Unhandled 'error' event
      ^

Error: write EPIPE
    at afterWriteDispatched (node:internal/stream_base_commons:159:15)
    at writeGeneric (node:internal/stream_base_commons:150:3)
    at Socket._writeGeneric (node:net:966:11)
    at Socket._write (node:net:978:8)
    at writeOrBuffer (node:internal/streams/writable:570:12)
    at _write (node:internal/streams/writable:499:10)
    at Writable.write (node:internal/streams/writable:508:10)
    at PipeTransport.send (/opt/pyvenv/lib/python3.13/site-packages/playwright/driver/package/lib/server/utils/pipeTransport.js:52:21)
    at dispatcherConnection.onmessage (/opt/pyvenv/lib/python3.13/site-packages/playwright/driver/package/lib/cli/driver.js:60:59)
    at DispatcherConnection.sendDispose (/opt/pyvenv/lib/python3.13/site-packages/playwright/driver/package/lib/server/dispatchers/dispatcher.js:191:10)
Emitted 'error' event on Socket instance at:
    at emitErrorNT (node:internal/streams/destroy:170:8)
    at emitErrorCloseNT (node:internal/streams/destroy:129:3)
    at process.processTicksAndRejections (node:internal/process/task_queues:89:21) {
  errno: -32,
  code: 'EPIPE',
  syscall: 'write'
}

Node.js v24.11.1
