PASS tavern:center:asset
PASS tavern:center:landmark
PASS tavern:center:exit-available
PASS tavern:north:asset
PASS tavern:north:landmark
PASS tavern:north:exit-available
PASS tavern:east:asset
PASS tavern:east:landmark
PASS tavern:east:exit-available
PASS tavern:west:asset
PASS tavern:west:landmark
PASS tavern:west:exit-available
PASS tavern:south:asset
PASS tavern:south:landmark
PASS tavern:south:exit-available
PASS tavern:center:hatch-does-not-jump
PASS tavern:east:hatch-does-not-jump
PASS cellar:passage-has-visible-state
PASS cellar:one-passage-target
PASS cellar:enter-tunnel
PASS cellar:return-preserves-open-state
PASS state-art:cottage-rug-and-trapdoor
PASS state-art:fairy-coin-collected
PASS state-art:alcove-empty-after-coins
PASS state-art:fairy-freed
PASS state-art:crypt-progress
PASS item-art:all-41-custom
PASS item-art:inspection-loads-custom
PASS layout:390x844:no-horizontal-overflow
PASS layout:390x844:scene-visible
PASS layout:844x390:no-horizontal-overflow
PASS layout:844x390:scene-visible
PASS new-adventure:visual-world-reset
PASS runtime:no-unexpected-missing-assets
PASS runtime:no-page-errors
35/35 passed
